KataGo v1.4.5
Using TrompTaylor rules initially, unless GTP/GUI overrides this
Loaded config configs/gtp_example.cfg and/or command-line and query overrides
Loaded model tests/models/g170-b6c96-s175395328-d26788732.bin.gz
Model name: g170-b6c96-s175395328-d26788732
GTP ready, beginning main protocol loop
MoveNum: 0 HASH: E153F25F78076E50698FEB13372D62DB
   A B C D E F G H J K L M N O P Q R S T
19 . . . . . . . . . . . . . . . . . . .
18 . . . . . . . . . . . . . . . . . . .
17 . . . . . . . . . . . . . @ . . . . .
16 . . . X . . . . . . . . . . . X . . .
15 . . . . . . . . . . . . . . . . . . .
14 . . . . . . . . . . . . . . . . . . .
13 . . . . . . . . . . . . . . . . . . .
12 . . . . . . . . . . . . . . . . . . .
11 . . . . . . . . . . . . . . . . . . .
10 . . . X . . . . . X . . . . . X . . .
 9 . . . . . . . . . . . . . . . . . . .
 8 . . . . . . . . . . . . . . . . . . .
 7 . . . . . . . . . . . . . . . . . . .
 6 . . . . . . . . . . . . . . . . . . .
 5 . . . . . . . . . . . . . . . . . . .
 4 . . . X . . . . . . . . . . . X . . .
 3 . . . . . . . . . . . . . . . . . . .
 2 . . . . . . . . . . . . . . . . . . .
 1 . . . . . . . . . . . . . . . . . . .

koPOSITIONALscoreAREAtaxNONEsui1komi7.5
Time taken: ###
Root visits: 100
New playouts: 100
NN rows: 100
NN batches: 100
NN avg batch size: 1
PlayoutDoublingAdvantage: 2.75
PV: D12 D7 F17 F16 G16
Tree:
: T -94.49c W -85.60c S  -8.89c (-30.5 L -29.8) N     100  --  D12 D7 F17 F16 G16
---White(^)---
D12 : T -93.86c W -85.35c S  -8.50c (-29.9 L -29.2) LCB -106.51c P  6.09% WF  4.66% PSV      13 N      13  --  D12 D7 F17 F16 G16
O17 : T -94.10c W -85.20c S  -8.90c (-30.4 L -29.8) LCB -118.63c P  5.49% WF  4.64% PSV      11 N      11  --  O17 Q13 C14 F17 D8
Q12 : T -94.68c W -85.72c S  -8.96c (-30.7 L -29.9) LCB -121.60c P  5.45% WF  4.59% PSV      10 N      10  --  Q12 Q7 O16 Q14 O12
F16 : T -95.61c W -86.30c S  -9.32c (-31.1 L -30.5) LCB -125.05c P  5.43% WF  4.53% PSV       8 N       8  --  F16 C13 R14 O17
F17 : T -95.87c W -86.26c S  -9.61c (-31.5 L -30.8) LCB -142.56c P  4.99% WF  4.51% PSV       7 N       7  --  F17 C13 R14
R12 : T -93.70c W -85.07c S  -8.63c (-30.1 L -29.7) LCB -148.08c P  3.29% WF  4.66% PSV       7 N       7  --  R12 Q7 O16 R14 P12
D6  : T -92.10c W -83.96c S  -8.14c (-29.5 L -28.8) LCB -115.78c P  2.25% WF  4.76% PSV       6 N       6  --  D6 F4 D12
C12 : T -93.18c W -84.68c S  -8.50c (-29.9 L -29.4) LCB -185.43c P  2.62% WF  4.69% PSV       5 N       5  --  C12 F17 R14
D13 : T -91.83c W -83.90c S  -7.94c (-29.3 L -28.9) LCB -136.62c P  1.63% WF  4.77% PSV       5 N       5  --  D13 F17 D8 F3
O16 : T -95.84c W -86.56c S  -9.28c (-30.9 L -30.0) LCB -313.60c P  2.71% WF  4.53% PSV       4 N       4  --  O16 Q13 C14
MoveNum: 0 HASH: C8C4A026AA6DCCB6DC2ABC84580943C4
   A B C D E F G H J K L M N O P Q R S T
19 . . . . . . . . . . . . . . . . . . .
18 . . . . . . . . . . . . . . . . . . .
17 . . . . . . . . . . . . . . . . . . .
16 . . . X . . . . . . . . . . . . @ . .
15 . . . . . . . . . . . . . . . . . . .
14 . . . . . . . . . . . . . . . . . . .
13 . . . . . . . . . . . . . . . . . . .
12 . . . . . . . . . . . . . . . . . . .
11 . . . . . . . . . . . . . . . . . . .
10 . . . . . . . . . . . . . . . . . . .
 9 . . . . . . . . . . . . . . . . . . .
 8 . . . . . . . . . . . . . . . . . . .
 7 . . . . . . . . . . . . . . . . . . .
 6 . . . . . . . . . . . . . . . . . . .
 5 . . . . . . . . . . . . . . . . . . .
 4 . . . . . . . . . . . . . . . . X . .
 3 . . . X . . . . . . . . . . . . . . .
 2 . . . . . . . . . . . . . . . . . . .
 1 . . . . . . . . . . . . . . . . . . .

koPOSITIONALscoreAREAtaxNONEsui1komi7.5
Time taken: ###
Root visits: 100
New playouts: 100
NN rows: 84
NN batches: 84
NN avg batch size: 1
PlayoutDoublingAdvantage: 1.125
PV: Q17 Q16 R16 P17 R17 P4 C5 C4
Tree:
: T -50.01c W -46.27c S  -3.75c (-12.9 L -13.5) N     100  --  Q17 Q16 R16 P17 R17 P4 C5
---White(^)---
Q17 : T -49.33c W -45.70c S  -3.64c (-12.8 L -13.4) LCB  -53.95c P 30.07% WF 14.81% PSV      41 N      38  --  Q17 Q16 R16 P17 R17 P4 C5 C4
R16 : T -49.39c W -45.77c S  -3.62c (-12.7 L -13.3) LCB  -54.15c P 30.68% WF 14.79% PSV      38 N      38  --  R16 Q16 Q17 P17 R17 P4 C5 C4
Q16 : T -52.50c W -48.45c S  -4.05c (-13.4 L -13.8) LCB  -62.63c P 11.64% WF 14.00% PSV      10 N      10  --  Q16 P4 C5 C4 D5
D4  : T -51.87c W -47.69c S  -4.17c (-13.6 L -14.2) LCB -152.32c P  5.56% WF 14.21% PSV       5 N       5  --  D4 C4 E3 C3
Q4  : T -52.73c W -48.46c S  -4.27c (-13.7 L -14.5) LCB -236.37c P  4.97% WF 14.08% PSV       4 N       4  --  Q4 Q3 Q17 P3
C4  : T -50.66c W -46.55c S  -4.12c (-13.5 L -14.3) LCB -280.00c P  2.04% WF 14.47% PSV       2 N       2  --  C4 C3
C5  : T -56.09c W -51.03c S  -5.06c (-14.9 L -15.5) LCB -280.00c P  2.19% WF 13.63% PSV       1 N       2  --  C5 Q17
MoveNum: 2 HASH: 1E9E1E18E3D2716A1BAFE3BC4B4B5E00
   A B C D E F G H J K L M N O P Q R S T
19 . . . . . . . . . . . . . . . . . . .
18 . . . . . . . . . . . . . . . . . . .
17 . . . . . . . . . . . . . . . . . . .
16 . . . X . . . . . . . . . . . . O . .
15 . . . . . . . . . . . . . . . . . . .
14 . . . . . . . . . . . . . . . . . . .
13 . . . . . . . . . . . . . . . . . . .
12 . . . . . . . . . . . . . . . . . . .
11 . . . . . . . . . . . . . . . . . . .
10 . . . . . . . . . . . . . . . . . . .
 9 . . . . . . . . . . . . . . . . . . .
 8 . . . . . . . . . . . . . . . . . . .
 7 . . . . . . . . . . . . . . . . . . .
 6 . . . . . . . . . . . . . . . . . . .
 5 . . . . . . . . . . . . . . . . . . .
 4 . . . . . . . . . . . . . . . . X . .
 3 . . . X . . . . . . . . . . @ . . . .
 2 . . . . . . . . . . . . . . . . . . .
 1 X . . . . . . . . . . . . . . . . . .

koPOSITIONALscoreAREAtaxNONEsui1komi7.5
Time taken: ###
Root visits: 100
New playouts: 100
NN rows: 97
NN batches: 97
NN avg batch size: 1
PlayoutDoublingAdvantage: 1
PV: P3 Q3 P4 Q6 R5
Tree:
: T  -0.20c W   0.29c S  -0.49c ( -0.6 L  -0.8) N     100  --  P3 Q3 P4 Q6 R5
---White(^)---
P3  : T   2.10c W   2.22c S  -0.13c ( -0.1 L  -0.3) LCB   -0.68c P 14.91% WF 13.15% PSV      66 N      27  --  P3 Q3 P4 Q6 R5
Q4  : T  -3.24c W  -2.40c S  -0.85c ( -1.1 L  -1.4) LCB   -9.92c P 21.64% WF 11.84% PSV      19 N      19  --  Q4 Q3 R5 R3 Q5 O3
P16 : T   0.57c W   1.08c S  -0.51c ( -0.6 L  -0.7) LCB   -3.68c P 13.96% WF 12.74% PSV      19 N      19  --  P16 P4 C5 C4 D5 F4
D4  : T  -3.06c W  -2.17c S  -0.89c ( -1.2 L  -1.4) LCB   -9.55c P 12.15% WF 11.97% PSV      11 N      11  --  D4 C4 C5 C3 Q4 Q3
C5  : T  -0.12c W   0.41c S  -0.53c ( -0.7 L  -0.8) LCB   -8.13c P  8.20% WF 12.57% PSV      10 N      10  --  C5 P4 E4 E3 F4
P4  : T   0.47c W   0.84c S  -0.37c ( -0.4 L  -0.5) LCB  -25.62c P  5.00% WF 12.67% PSV       6 N       6  --  P4 D5 R3 S3
C17 : T   0.19c W   0.67c S  -0.48c ( -0.6 L  -0.7) LCB  -37.17c P  3.85% WF 12.62% PSV       5 N       5  --  C17 C16 D17 E16
Q3  : T  -1.06c W  -0.52c S  -0.55c ( -0.7 L  -1.2) LCB -280.00c P  2.40% WF 12.43% PSV       2 N       2  --  Q3 R3
MoveNum: 4 HASH: D27ED7A3ADEA93E6137E228672EDEDEC
   A B C D E F G H J K L M N O P Q R S T
19 . . . . . . . . . . . . . . . . . . .
18 . . . . . . . . . . . . . . . . . . .
17 . . . . . . . . . . . . . . . . . . .
16 . . . X . . . . . . . . . . . . O . .
15 . . . . . . . . . . . . . . . . . . .
14 . . . . . . . . . . . . . . . . . . .
13 . . . . . . . . . . . . . . . . . . .
12 . . . . . . . . . . . . . . . . . . .
11 . . . . . . . . . . . . . . . . . . .
10 . . . . . . . . . . . . . . . . . . .
 9 . . . . . . . . . . . . . . . . . . .
 8 . . . . . . . . . . . . . . . . . . .
 7 . . . . . . . . . . . . . . . . . . .
 6 . . . . . . . . . . . . . . . . . . .
 5 . . . . . . . . . . . . . . . @ . . .
 4 . . . . . . . . . . . . . . . . X . .
 3 . . . X . . . . . . . . . . O2. . . .
 2 . . . . . . . . . . . . . . . . . . .
 1 X1. X3. . . . . . . . . . . . . . . .

koPOSITIONALscoreAREAtaxNONEsui1komi7.5
Time taken: ###
Root visits: 100
New playouts: 100
NN rows: 100
NN batches: 100
NN avg batch size: 1
PlayoutDoublingAdvantage: 0.875
PV: Q5 R5 Q6 R7 P16 Q7 C17 C16 D17
Tree:
: T  33.11c W  30.55c S   2.56c ( +7.5 L  +7.3) N     100  --  Q5 R5 Q6 R7 P16 Q7 C17
---White(^)---
Q5  : T  34.54c W  31.78c S   2.75c ( +7.8 L  +7.6) LCB   26.45c P 29.46% WF 13.22% PSV      47 N      47  --  Q5 R5 Q6 R7 P16 Q7 C17 C16
P16 : T  33.15c W  30.66c S   2.49c ( +7.4 L  +7.3) LCB   25.16c P 26.73% WF 12.80% PSV      33 N      33  --  P16 Q3 P4 R6 L4 O17 P17
C17 : T  29.35c W  27.02c S   2.33c ( +7.2 L  +6.8) LCB  -13.64c P  8.14% WF 12.12% PSV       6 N       6  --  C17 C16 D17
D4  : T  29.34c W  27.49c S   1.84c ( +6.5 L  +5.8) LCB -246.58c P  4.28% WF 12.19% PSV       3 N       4  --  D4 E4 D5
C5  : T  32.72c W  30.10c S   2.62c ( +7.6 L  +6.7) LCB  -56.35c P  2.74% WF 12.74% PSV       3 N       3  --  C5 P17 E4
R3  : T  29.09c W  26.87c S   2.21c ( +7.0 L  +6.7) LCB -280.00c P  2.84% WF 12.25% PSV       2 N       2  --  R3 S3
R7  : T  31.15c W  28.61c S   2.54c ( +7.5 L  +7.0) LCB -280.00c P  2.70% WF 12.54% PSV       2 N       2  --  R7 Q5
R6  : T  28.18c W  26.14c S   2.03c ( +6.8 L  +6.2) LCB -280.00c P  2.03% WF 12.13% PSV       1 N       2  --  R6 Q5
MoveNum: 6 HASH: 5905DB49C2781D30069144878FEDCDBE
   A B C D E F G H J K L M N O P Q R S T
19 . . . . . . . . . . . . . . . . . . .
18 . . . . . . . . . . . . . . . . . . .
17 . . . . . . . . . . . . . . . . . . .
16 . . . X . . . . . . . . . . . . O . .
15 . . . . . . . . . . . . . . . . . . .
14 . . . . . . . . . . . . . . . . . . .
13 . . . . . . . . . . . . . . . . . . .
12 . . . . . . . . . . . . . . . . . . .
11 . . . . . . . . . . . . . . . . . . .
10 . . . . . . . . . . . . . . . . . . .
 9 . . . . . . . . . . . . . . . . . . .
 8 . . . . . . . . . . . . . . . . . . .
 7 . . . . . . . . . . . . . . . . . . .
 6 . . . . . . . . . . . . . . . . . . .
 5 . . . . . . . . . . . . . . . O2@ . .
 4 . . . . . . . . . . . . . . . . X . .
 3 . . . X . . . . . . . . . . O . . . .
 2 . . . . . . . . . . . . . . . . . . .
 1 X X3X1. . . . . . . . . . . . . . . .

koPOSITIONALscoreAREAtaxNONEsui1komi7.5
Time taken: ###
Root visits: 100
New playouts: 100
NN rows: 97
NN batches: 97
NN avg batch size: 1
PlayoutDoublingAdvantage: 0.75
PV: R5 P17 Q17 P16 Q15 P15 Q14 P14
Tree:
: T  79.67c W  73.82c S   5.85c (+21.8 L +21.9) N     100  --  R5 P17 Q17 P16 Q15 P15 Q14
---White(^)---
R5  : T  79.87c W  73.98c S   5.89c (+21.8 L +22.0) LCB   78.08c P 88.00% WF 52.59% PSV      98 N      98  --  R5 P17 Q17 P16 Q15 P15 Q14 P14
C17 : T  69.07c W  66.18c S   2.89c (+17.3 L +16.1) LCB -280.00c P  2.02% WF 47.41% PSV       1 N       1  --  C17
MoveNum: 1 HASH: E438EA007391E7E2375DB017412B67BA
   A B C D E F G H J K L M N O P Q R S T
19 . . . . . . . . . . . . . . . . . . .
18 . . . . . . . . . . . . . . . . . . .
17 . . . X . . . . . . . . . . . . . . .
16 . . . . . . . . . . . . . . . X . . .
15 . . . @ . . . . . . . . . . . . . . .
14 . . . . . . . . . . . . . . . . . . .
13 . . . . . . . . . . . . . . . . . . .
12 . . . . . . . . . . . . . . . . . . .
11 . . . . . . . . . . . . . . . . . . .
10 . . . . . . . . . . . . . . . . . . .
 9 . . . . . . . . . . . . . . . . . . .
 8 . . . . . . . . . . . . . . . . . . .
 7 . . . . . . . . . . . . . . . . . . .
 6 . . . . . . . . . . . . . . . . . . .
 5 . . . . . . . . . . . . . . . . . . .
 4 . . X . . . . . . . . . . . . O . . .
 3 . . . . . . . . . . . . . . . . . . .
 2 . . . . . . . . . . . . . . . . . . .
 1 . . . . . . . . . . . . . . . . . . .

koPOSITIONALscoreAREAtaxNONEsui1komi7.5
Time taken: ###
Root visits: 100
New playouts: 100
NN rows: 97
NN batches: 97
NN avg batch size: 1
PlayoutDoublingAdvantage: -1.125
PV: D15 E3 D3 E4 C6 D5 C5
Tree:
: T  48.93c W  46.09c S   2.85c (+12.8 L +13.2) N     100  --  D15 E3 D3 E4 C6 D5 C5
---Black(^)---
D15 : T  49.42c W  46.50c S   2.91c (+12.9 L +13.4) LCB   43.76c P 30.12% WF 16.79% PSV      36 N      36  --  D15 E3 D3 E4 C6 D5 C5
E4  : T  47.02c W  44.47c S   2.55c (+12.4 L +12.8) LCB   40.21c P 28.63% WF 15.96% PSV      26 N      28  --  E4 C15 C16 D15 F17 E16 E17
C15 : T  49.90c W  46.97c S   2.93c (+12.9 L +13.3) LCB   32.48c P 10.75% WF 16.89% PSV      14 N      14  --  C15 E3 D3 E4 C6 J4
E3  : T  51.81c W  48.68c S   3.13c (+13.2 L +13.5) LCB   38.92c P  5.95% WF 17.38% PSV      10 N      10  --  E3 C15 C16 D15 F17 R17
R3  : T  46.06c W  43.24c S   2.82c (+12.8 L +13.1) LCB  -39.53c P  6.98% WF 15.94% PSV       6 N       6  --  R3 D4 D3 E3
C14 : T  50.79c W  47.64c S   3.15c (+13.3 L +13.5) LCB   33.11c P  3.72% WF 17.03% PSV       5 N       5  --  C14 E3 D3 E4
MoveNum: 1 HASH: A740AFE552ECED2B189F1F197F8D0FB0
   A B C D E F G H J K L M N
13 . . . . . . . . . . . . .
12 . . . . . . . . . . . . .
11 . . . . . . . . . . . . .
10 . . . X . . . . . X . . .
 9 . . . . . . . . . . . . .
 8 . . . . . . . . . . . . .
 7 . . . . . . . . . . . . .
 6 . . . . . . . . . . . . .
 5 . . . . . . . . . . . . .
 4 . . . X . . . . . O @ . .
 3 . . . . . . . . . . . . .
 2 . . . . . . . . . . . . .
 1 . . . . . . . . . . . . .

koPOSITIONALscoreAREAtaxNONEsui1komi7.5
Time taken: ###
Root visits: 100
New playouts: 100
NN rows: 98
NN batches: 98
NN avg batch size: 1
PlayoutDoublingAdvantage: -2.125
PV: J4 K3 K5 J5 J3
Tree:
: T  66.87c W  64.30c S   2.58c ( +9.9 L +10.3) N     100  --  J4 K3 K5 J5 J3
---Black(^)---
J4  : T  72.00c W  68.91c S   3.09c (+10.4 L +10.7) LCB   62.04c P  3.13% WF  4.75% PSV      26 N      14  --  J4 K3 K5 J5 J3
K5  : T  69.97c W  67.21c S   2.77c (+10.1 L +10.6) LCB   60.17c P  7.77% WF  4.62% PSV      20 N      20  --  K5 L4 J4 J5 L5
L4  : T  68.16c W  65.36c S   2.80c (+10.1 L +10.3) LCB   36.40c P  4.49% WF  4.44% PSV       8 N       8  --  L4 L5 L3 K3 M5
K7  : T  65.89c W  63.38c S   2.51c ( +9.8 L +10.2) LCB   37.37c P  6.63% WF  4.29% PSV       7 N       7  --  K7 C6 F3 F11
L3  : T  68.50c W  65.38c S   3.12c (+10.4 L +10.7) LCB   42.62c P  4.61% WF  4.46% PSV       7 N       7  --  L3 L4 K3 J3
L7  : T  68.01c W  64.96c S   3.05c (+10.4 L +10.7) LCB   19.39c P  4.42% WF  4.43% PSV       6 N       6  --  L7 C6 G3 F11
K3  : T  66.52c W  63.99c S   2.53c ( +9.8 L +10.1) LCB  -36.73c P  4.02% WF  4.33% PSV       5 N       5  --  K3 J3 L4
L6  : T  68.12c W  65.16c S   2.96c (+10.3 L +10.6) LCB  -11.83c P  2.85% WF  4.43% PSV       5 N       5  --  L6 F3 D7
D7  : T  60.57c W  59.59c S   0.98c ( +8.4 L  +9.2) LCB  -51.43c P  5.69% WF  4.01% PSV       4 N       4  --  D7 D11 C11
G10 : T  61.30c W  59.51c S   1.79c ( +9.1 L  +9.7) LCB -155.48c P  4.46% WF  4.05% PSV       3 N       4  --  G10 C6 F3
MoveNum: 2 HASH: 882B03D22CFBA11DCBE488CA409ECCF2
   A B C D E F G H J K L M N
13 . . . . . . . . . . . . .
12 . . . . . . . . . . . . .
11 . . . . . . . . . . . . .
10 . . . X . . . . . X . . .
 9 . . . . . . . . . . . . .
 8 . . . . . . . . . . . . .
 7 . . . . . . . . . . . . .
 6 . . . . . . . . . . . . .
 5 . . . . . . . . . . @ . .
 4 . . . X . . . . . O X . .
 3 . . . . . . . . . . . . .
 2 . . . . . . . . . . . . .
 1 . . . . . . . . . . . . .

koPOSITIONALscoreAREAtaxNONEsui1komi7.5
Time taken: ###
Root visits: 100
New playouts: 100
NN rows: 88
NN batches: 88
NN avg batch size: 1
PlayoutDoublingAdvantage: 2.125
PV: L5 L3 K5 J2 H11 L8 H3 J3
Tree:
: T -75.99c W -71.06c S  -4.93c (-11.7 L -11.7) N     100  --  L5 L3 K5 J2 H11 L8 H3
---White(^)---
L5  : T -74.85c W -69.95c S  -4.90c (-11.8 L -11.6) LCB  -81.52c P 41.26% WF 26.11% PSV      58 N      58  --  L5 L3 K5 J2 H11 L8 H3 J3
L3  : T -78.92c W -73.77c S  -5.15c (-11.8 L -12.1) LCB  -89.28c P 32.11% WF 23.85% PSV      28 N      28  --  L3 L5 M3 K5 J4 J5 H4 H5
K5  : T -75.00c W -70.44c S  -4.56c (-11.4 L -11.2) LCB -102.29c P 10.16% WF 25.78% PSV      11 N      11  --  K5 L5 L3 L6
K3  : T -80.04c W -74.31c S  -5.73c (-12.4 L -12.7) LCB -280.00c P  3.71% WF 24.25% PSV       2 N       2  --  K3 L5
MoveNum: 3 HASH: AB8038BF9DCC5B2733ACAB86E6E9FE6D
   A B C D E F G H J K L M N
13 . . . . . . . . . . . . .
12 . . . . . . . . . . . . .
11 . . . . . . . . . . . . .
10 . . . X . . . . . X . . .
 9 . . . . . . . . . . . . .
 8 . . . . . . . . . . . . .
 7 . . . . . . . . . . . . .
 6 . . . . . . . . . . . . .
 5 . . . . . . . . . . O3. .
 4 . . . X . . . . . O1X2. .
 3 . . . . . . . . . . @ . .
 2 . . . . . . . . . . . . .
 1 . . . . . . . . . . . . .

koPOSITIONALscoreAREAtaxNONEsui1komi7.5
Time taken: ###
Root visits: 100
New playouts: 100
NN rows: 43
NN batches: 43
NN avg batch size: 1
PlayoutDoublingAdvantage: -2.125
PV: L3 K5 J2 H11 L8 H3 J3 H4 H2
Tree:
: T  74.82c W  69.48c S   5.34c (+11.7 L +11.5) N     100  --  L3 K5 J2 H11 L8 H3 J3
---Black(^)---
L3  : T  75.90c W  70.33c S   5.57c (+11.9 L +11.7) LCB   71.26c P 78.46% WF 28.53% PSV      92 N      92  --  L3 K5 J2 H11 L8 H3 J3 H4
K3  : T  57.06c W  55.38c S   1.68c ( +8.0 L  +8.5) LCB  -61.59c P 13.65% WF 21.21% PSV       4 N       5  --  K3 L3 M4 M3
K5  : T  61.89c W  59.27c S   2.62c ( +8.9 L  +8.7) LCB -280.00c P  3.66% WF 24.45% PSV       1 N       1  --  K5
M5  : T  67.41c W  63.09c S   4.32c (+10.8 L +10.4) LCB -280.00c P  2.09% WF 25.81% PSV       1 N       1  --  M5
