= (;FF[4]GM[1]SZ[19]PB[]PW[]HA[0]KM[7.5]RU[TrompTaylor])

= 

= 

= 

= 

= 

= (;FF[4]GM[1]SZ[9]PB[]PW[]HA[0]KM[7.5]RU[Japanese];B[cg];W[cd];B[ca])

= 

= 

= 

= E10 C4 E4

= C10

= (;FF[4]GM[1]SZ[9:13]PB[]PW[]HA[3]KM[7.5]RU[Chinese]AB[ed][cj][ej];W[cd])

= 

= (;FF[4]GM[1]SZ[9:13]PB[]PW[]HA[3]KM[7.5]RU[koSIMPLEscoreAREAtaxSEKIsui0whbN]AB[ed][cj][ej];W[cd])

